// Vitest Snapshot v1, https://vitest.dev/guide/snapshot.html

exports[`<Symbol /> > matches snapshot 1`] = `
<DocumentFragment>
  <img
    alt="Simple symbol widget"
    src="img 1.gif"
    style="display: block; position: absolute;"
  />
</DocumentFragment>
`;
