// Vitest Snapshot v1, https://vitest.dev/guide/snapshot.html

exports[`<Input /> > renders an input 1`] = `
<DocumentFragment>
  <div
    class="MuiFormControl-root MuiTextField-root css-1a8n6hf-MuiFormControl-root-MuiTextField-root"
  >
    <div
      class="MuiInputBase-root MuiOutlinedInput-root MuiInputBase-colorPrimary MuiInputBase-formControl css-quhxjy-MuiInputBase-root-MuiOutlinedInput-root"
    >
      <input
        aria-invalid="false"
        class="MuiInputBase-input MuiOutlinedInput-input css-16wblaj-MuiInputBase-input-MuiOutlinedInput-input"
        id=":r0:"
        type="text"
        value="hello"
      />
      <fieldset
        aria-hidden="true"
        class="MuiOutlinedInput-notchedOutline css-1ll44ll-MuiOutlinedInput-notchedOutline"
      >
        <legend
          class="css-w4cd9x"
        >
          <span
            class="notranslate"
          >
            â€‹
          </span>
        </legend>
      </fieldset>
    </div>
  </div>
</DocumentFragment>
`;
