// Vitest Snapshot v1, https://vitest.dev/guide/snapshot.html

exports[`<Slideshow /> > it matches the snapshot 1`] = `
<div
  className="_Slideshow_04eadb"
  style={
    {
      "backgroundColor": undefined,
      "maxHeight": "",
      "maxWidth": "",
      "minHeight": "",
    }
  }
>
  <button
    id="prev-button"
    onClick={[Function]}
    style={
      {
        "flexGrow": 0,
        "height": "80%",
        "margin": "0.5rem",
        "maxHeight": "5rem",
        "maxWidth": "3rem",
        "overflow": "hidden",
        "position": "relative",
        "textAlign": "center",
        "width": "10%",
      }
    }
  >
    ◀
  </button>
  <div
    style={
      {
        "display": "flex",
        "flexGrow": 1,
        "height": "100%",
        "maxHeight": "",
        "overflow": "",
        "position": "relative",
        "width": "80%",
      }
    }
  >
    <div
      id="child-element"
    >
      Child 1
    </div>
  </div>
  <button
    id="next-button"
    onClick={[Function]}
    style={
      {
        "flexGrow": 0,
        "height": "80%",
        "margin": "0.5rem",
        "maxHeight": "5rem",
        "maxWidth": "3rem",
        "overflow": "hidden",
        "position": "relative",
        "textAlign": "center",
        "width": "10%",
      }
    }
  >
    ▶
  </button>
</div>
`;
