// Vitest Snapshot v1, https://vitest.dev/guide/snapshot.html

exports[`<GroupingContainerComponent /> > it matches the snapshot 1`] = `
<div
  style={
    {
      "backgroundColor": undefined,
      "color": undefined,
      "cursor": undefined,
      "visibility": undefined,
    }
  }
/>
`;
