// Vitest Snapshot v1, https://vitest.dev/guide/snapshot.html

exports[`<GroupingContainerComponent /> > it matches the snapshot 1`] = `
<div
  style={
    {
      "backgroundColor": "transparent",
      "height": "100%",
      "outline": "1px dotted black",
      "outlineOffset": "-7px",
      "width": "100%",
    }
  }
>
  <div
    style={
      {
        "backgroundColor": "rgba(255,255,255,255)",
        "fontSize": "13px",
        "left": "20px",
        "padding": "0 2px 0 2px",
        "position": "absolute",
        "top": "0",
      }
    }
  >
    Test
  </div>
  <div
    style={
      {
        "padding": "16px",
        "position": "relative",
      }
    }
  />
</div>
`;
