// Vitest Snapshot v1, https://vitest.dev/guide/snapshot.html

exports[`<Label /> > it matches the snapshot 1`] = `
<DocumentFragment>
  <p
    class="MuiTypography-root MuiTypography-body1 MuiTypography-noWrap css-1psacti-MuiTypography-root"
  >
    hello
  </p>
</DocumentFragment>
`;
