// Vitest Snapshot v1, https://vitest.dev/guide/snapshot.html

exports[`readback component > alarm-sensitive foreground colour 1`] = `
<DocumentFragment>
  <div
    class="MuiFormControl-root MuiTextField-root css-juc3m4-MuiFormControl-root-MuiTextField-root"
  >
    <div
      class="MuiInputBase-root MuiOutlinedInput-root MuiInputBase-colorPrimary MuiInputBase-formControl MuiInputBase-multiline Mui-readOnly MuiInputBase-readOnly css-xrmkj5-MuiInputBase-root-MuiOutlinedInput-root"
    >
      <textarea
        aria-invalid="false"
        class="MuiInputBase-input MuiOutlinedInput-input MuiInputBase-inputMultiline Mui-readOnly MuiInputBase-readOnly css-w4nesw-MuiInputBase-input-MuiOutlinedInput-input"
        id=":r2:"
        readonly=""
        style="height: 0px; overflow: hidden;"
      >
        hello
      </textarea>
      <textarea
        aria-hidden="true"
        class="MuiInputBase-input MuiOutlinedInput-input MuiInputBase-inputMultiline Mui-readOnly MuiInputBase-readOnly css-w4nesw-MuiInputBase-input-MuiOutlinedInput-input"
        readonly=""
        style="visibility: hidden; position: absolute; overflow: hidden; height: 0px; top: 0px; left: 0px; transform: translateZ(0); padding-top: 0px; padding-bottom: 0px; width: 100%;"
        tabindex="-1"
      />
      <fieldset
        aria-hidden="true"
        class="MuiOutlinedInput-notchedOutline css-1ll44ll-MuiOutlinedInput-notchedOutline"
      >
        <legend
          class="css-w4cd9x"
        >
          <span
            class="notranslate"
          >
            â€‹
          </span>
        </legend>
      </fieldset>
    </div>
  </div>
</DocumentFragment>
`;
